// Jest Snapshot v1, https://goo.gl/fbAQLP

exports[`Header snapshot 1`] = `
<div
  className="bg-[#121A36] text-center h-44 "
>
  <header
    className="text-4xl font-extrabold text-white tracking-widest py-32"
  >
    P o k Ã© d e x
  </header>
  <div
    className="absolute right-5 top-5 z-40"
  >
    <button
      className="text-white text-sm rounded-full p-2 px-4 hover:bg-gray-600 active:bg-gray-700 focus:outline-none flex-row bg-gray-500 undefined"
      onClick={[Function]}
    >
       Sign in
    </button>
  </div>
</div>
`;
